[www.bestcuit.fr/index.html]
[backblue.gif]
[fade.gif]
[index.html]
[www.bestcuit.fr/_astro-1775144808925/_slug_.z-jXICr9.css]
[www.bestcuit.fr/_astro-1775144808925/_slug_.EF61EKpi.css]
[www.bestcuit.fr/t]
[www.bestcuit.fr/_/privacy-policy/_]
[www.bestcuit.fr/_/terms-and-conditions/_.4.delayed]
[www.bestcuit.fr/a-propos.html]
[www.bestcuit.fr/engagement.html]
[www.bestcuit.fr/catalogue.html]
[www.bestcuit.fr/contact.html]
[www.bestcuit.fr/privacy-policy.html]
[www.bestcuit.fr/index.html]
[www.bestcuit.fr/_astro-1775144808925/_slug_.z-jXICr9.css]
[www.bestcuit.fr/_astro-1775144808925/_slug_.EF61EKpi.css]
[www.bestcuit.fr/t.html]
[www.bestcuit.fr/_/privacy-policy/_.html]
[www.bestcuit.fr/_/terms-and-conditions/_.html]
[www.bestcuit.fr/a-propos.html]
[www.bestcuit.fr/terms-and-conditions.html]
[www.bestcuit.fr/_https_/www.serviaplus.fr/_]
[www.bestcuit.fr/engagement.html]
[www.bestcuit.fr/catalogue.html]
[www.bestcuit.fr/contact.html]
[www.bestcuit.fr/_http_/www.bestcuit.fr/__www.bestcuit.fr_/a_]
[www.bestcuit.fr/_http_/www.bestcuit.fr/__www.bestcuit.fr_/a_,.d.delayed]
[www.bestcuit.fr/_http_/www.bestcuit.fr/__www.bestcuit.fr_/a_._/p__p.e.delayed]
[www.bestcuit.fr/_mailto_contact@bestcuit.fr/__contact@bestcuit.fr_/a__/strong_._/p__h3.f.delayed]
[www.bestcuit.fr/privacy-policy.html]
[www.bestcuit.fr/_mailto_contact@bestcuit.fr/__contact@bestcuit.fr_/a__/strong_._/p__],_desktop__[0,{_top__[0,80],_left__[0,206],_width__[0,812],_height__[0,2954]}],_sett]
[www.bestcuit.fr/_https_/bestcuit.fr/__https_/bestcuit.fr_/a_._/p__p.11.delayed]
[www.bestcuit.fr/_http_/www.bestcuit.fr/__www.bestcuit.fr_/a_.12.delayed]
[www.bestcuit.fr/_http_/www.bestcuit.fr/__www.bestcuit.fr_/a__/p__/li__li__p.13.delayed]
[www.bestcuit.fr/_http_/www.bestcuit.fr/__www.bestcuit.fr_/a__/p__/li__/ul__p.14.delayed]
[www.bestcuit.fr/terms-and-conditions.html]
[www.bestcuit.fr/_https_/www.serviaplus.fr/_.html]
[www.bestcuit.fr/_http_/www.bestcuit.fr/__www.bestcuit.fr_/a_.html]
[www.bestcuit.fr/_http_/www.bestcuit.fr/__www.bestcuit.fr_/a_,.html]
[www.bestcuit.fr/_http_/www.bestcuit.fr/__www.bestcuit.fr_/a_._/p__p.html]
[www.bestcuit.fr/_mailto_contact@bestcuit.fr/__contact@bestcuit.fr_/a__/strong_._/p__h3.html]
[www.bestcuit.fr/_mailto_contact@bestcuit.fr/__contact@bestcuit.fr_/a__/strong_._/p__],_desktop__[0,{_top__[0,80],_left__[0,206],_width__[0,812],_height__[0,2954]}],_sett]
[www.bestcuit.fr/_https_/bestcuit.fr/__https_/bestcuit.fr_/a_._/p__p.html]
[www.bestcuit.fr/_http_/www.bestcuit.fr/__www.bestcuit.fr_/a_-2.html]
[www.bestcuit.fr/_http_/www.bestcuit.fr/__www.bestcuit.fr_/a__/p__/li__li__p.html]
[www.bestcuit.fr/_http_/www.bestcuit.fr/__www.bestcuit.fr_/a__/p__/li__/ul__p.html]
